graph TD
    %% =========================================================================
    %% ARQUITECTURA.map - RETRORREFLECTOMETRO VERTICAL, LINEA V3.6 (repositorio D:\IT\P_RetroVertical_V3.6)
    %% Rehecho el 21-sep-2026. Sustituye al mapa del 18-sep, que solo cubria el firmware de 2020.
    %%
    %% NADA DE ESTE MAPA ESTA MEDIDO salvo los nodos de clase 'visto', que llevan su registro
    %% (ZIP con linea en HUELLAS.txt, log de grabacion, lectura ICSP o trama). El resto sale de leer
    %% fuente o de ejecutar en MPLAB SIM / JVM contra EquipoSimulado: clase 'papel'.
    %%
    %% SIN CIFRAS VIGENTES: versiones del dia, md5, commits de estado y recuentos viven en RETOMAR.md.
    %% Si aqui aparece una version (3.6.1, rc3...), es el nombre de un registro o de un hecho fechado.
    %%
    %% RUTAS: relativas a la raiz del repositorio. 'main:' = rama main; 'rtv-1.0:' = rama de la app de
    %% desarrollo (se lee con git show rtv-1.0:<ruta>; su arbol de trabajo es D:\IT\wt_rtv10).
    %% APP = 03_App_Movil/RetroV36/app/src/main/java/com/dpi/retrov36/
    %% FW  = 01_Firmware/RetroVertical_V3.6.X/      BASE = 01_Firmware/base_2020_d089f962/RetroVertical1.X/
    %% Se ignoran build/, dist/, .gradle/, nbproject/private/, .claude/worktrees/ y 07 pruebas/.
    %%
    %% SECCIONES (citar como 'ARQUITECTURA.map §Mn'; cada una empieza en su linea '%% ## Mn'):
    %%   M1 Sistema: equipo, firmware, EEPROM, pantalla, app, proyectos vecinos
    %%   M2 Calibracion: banco, campana, ajuste, escritura, acta, ZIP, decisiones, informe
    %%   M3 Documentos: SPEC -> TDD -> MATRIZ -> codigo -> REVISION/QA -> entrega; puertas P1-P12
    %%   M4 Compilacion y pruebas: XC8 2.10 + MPLAB SIM; JDK 11 / Gradle 6.5 + JUnitCore; skills
    %%   M5 Indice de referencias cruzadas (documento -> seccion -> relacionados)
    %%   M6 Linea base: firmware 2020 leido en el fuente (detalle que la V3.6 conserva)
    %%   M7 Contradicciones abiertas (CA1-CA17) y errores corregidos (ER1-ER15)
    %% =========================================================================

    classDef visto fill:#e3f4e3,stroke:#1d6b1d,stroke-width:2px
    classDef papel fill:#ffffff,stroke:#888888,stroke-dasharray:4 3
    classDef externo fill:#eeeeee,stroke:#555555
    classDef abierto fill:#fff4d6,stroke:#a66a00
    classDef error fill:#fbe3e3,stroke:#a02020

    %% =========================================================================
    %% ## M1 Sistema
    %% Flujo: equipo V3 <-> firmware V3.6 <-> app RTV. El contrato es PROTOCOLO-V3.6.md y manda sobre
    %% los dos lados (PROTOCOLO-V3.6.md:6-8). La STONE no se toca.
    %% =========================================================================

    subgraph M1 [M1 SISTEMA]

        subgraph M1_EQ [EQUIPO FISICO - SAT-LUX/V3 K42]
            EQ_V3["SLV-002 (Coviandina) - equipo V3<br>PIC18F47K42, placa 'SATLUX H-IoT', STONE de 2.a generacion.<br>VISTO con el equipo delante el 18-sep-2026 (HISTORIA.md:16-23).<br>Ese dia no hubo ZIP: la identificacion no tiene registro en el arbol."]
            EQ_BT["Bluetooth por UART1 a 9600 8N1<br>BASE mcc_generated_files/uart1.c:115,124,127 (U1CON0 = 0xB0, BRG 0x01A0);<br>PPS TX1 = RC1, RX1 = RC0 (pin_manager.c:92,95).<br>VISTO: el barrido de 255 bytes contesto a 9600 (HISTORIA.md:18-21).<br>NO es 115200: esa es la V4.1/V5."]
            EQ_ICSP["LECTURA ICSP 18-sep - 01_Firmware/lecturas_equipos/SLV-002/SLV-002_lectura_2026-09-18.hex<br>Chip protegido (CP = ON, BASE mcc_generated_files/device_config.c:97): sin copia.<br>El firmware original se perdio al grabar (CLAUDE.md §3)."]
            EQ_GRAB["GRABACIONES - 01_Firmware/lecturas_equipos/SLV-002/<br>grabacion_V3.6_2026-09-18.log, grabacion_V3.6.1_2026-09-19.log,<br>grabacion_V3.6.2_2026-09-19.log. Que firmware lleva HOY: RETOMAR.md."]
            EQ_PANT["MODELO DE PANTALLA - CONTRADICCION ABIERTA, NO SE ELIGE (CLAUDE.md §10)<br>STA035WT-01: HISTORIA.md:16 y el ARQUITECTURA.map anterior (linea 120).<br>STVA035WT(-01): 04_Pantalla_STONE/SOFTWARE-STONE.md:14 y<br>01_Firmware/lecturas_equipos/V3-2/IDENTIFICACION.md:8.<br>Se cierra mirando la etiqueta del equipo."]
            EQ_V32["V3-2 - 'segundo V3': es un V4 (PPS de la V4.1). Va a la V4.6.<br>01_Firmware/lecturas_equipos/V3-2/IDENTIFICACION.md (sin medir en hardware)."]
            EQ_028["SLV-028 (Ruta al Mar) - lectura ICSP y veredicto de no grabar tal cual<br>01_Firmware/lecturas_equipos/SLV-028/IDENTIFICACION.md. Se trabaja en su proyecto."]
            EQ_V3 --> EQ_BT
            EQ_V3 --> EQ_ICSP --> EQ_GRAB
            EQ_V3 -.-> EQ_PANT
        end

        subgraph M1_FW [FIRMWARE V3.6 - FW]
            FW_MAIN["FW main.c:20 - calibracionIniciar(): coeficientes y factor de temperatura<br>desde EEPROM, o de fabrica si la cabecera o el CRC no cuadran."]
            FW_RX["Recepcion - FW uart_module.c:54-62,77-84<br>Un '#' abre una trama de administracion en tramaAdmin[100] (ADMIN_MAX 96):<br>gui.c no la ve y NO mide. Los bytes sueltos siguen el camino de 2020."]
            FW_ADM["Ordenes '#...#' - FW calibracion_v36.c:611 adminProcesarTrama<br>despacho :635-800: V, L, Q, G, E, S, F, FT, GC, GN, SC, SN, GT, ST, P, K, KC.<br>Limites de #S: x de 600 a 4300 y R en [0 ; 4000] (:316-317)."]
            FW_EC["Medida por un byte (1-8, a-d) como en 2020<br>FW ecuacionesCalibracion.c:4-41 llama a aplicarEcuacion (calibracion_v36.c:229):<br>la formula de 2020 con los coeficientes de RAM/EEPROM."]
            FW_K["Registro de la STONE (#K#, #KC#) - FW calibracion_v36.c:248-273<br>ultimas tramas de UART2 en hex; no altera su tratamiento (PROTOCOLO-V3.6.md:56-68)."]
            FW_VER["#V# - version fija en FW calibracion_v36.h:16 (FW_VERSION_STR);<br>solo la fecha de compilacion distingue entregas (CA9)."]
            FW_CAMB["FW CAMBIOS-V3.6.md - diff funcional frente a 2020 (§2),<br>pruebas (§3, §7), V3.6.2 (§8). Hex en FW hex/ con su .md5."]
            FW_RX --> FW_ADM
            FW_MAIN --> FW_ADM
            FW_ADM --> FW_EC
            FW_ADM --> FW_K
            FW_ADM --> FW_VER
        end

        subgraph M1_EE [EEPROM - mapa]
            EE_2020["Bloque de 2020: bytes 0-73 - BASE eeprom_manager.h:9-23.<br>El firmware 2020 en marcha no lo lee ni lo escribe (§M6, EE_NO)."]
            EE_36["Bloque V3.6 - FW calibracion_v36.c:56-69<br>0x100 cabecera 'V36' + version; 0x104 + 18k: c3,c2,c1,c0 + CRC por codigo<br>(orden 1-8, a-d); 0x1DC: X_2,X_1,X_0 + PIN + CRC. CRC-16/CCITT-FALSE."]
            EE_SN["Serie y fecha de calibracion - FW calibracion_v36.c:480-489<br>0x1EE serie (#SN / #GN), 0x200 fecha (#SC / #GC), cada una con CRC.<br>La serie SE LEE (#GN#), no se teclea (CLAUDE.md §5)."]
            EE_2020 -.->|no se pisan| EE_36
            EE_36 --> EE_SN
        end

        subgraph M1_ST [PANTALLA STONE - LA V3.6 NO LA TOCA]
            ST_VT["04_Pantalla_STONE/lcd_RetroVertical_2020/lcd_RetroVertical.vt<br>Proyecto de 2020 (binario A5 5A por UART2). Detalle de botones y codigos: §M6.<br>La cargada en SLV-002 no es identica a la archivada (PROTOCOLO-V3.6.md:64)."]
            ST_DOC["04_Pantalla_STONE/SOFTWARE-STONE.md - herramientas y modelos por generacion"]
            ST_VT --- ST_DOC
        end

        subgraph M1_APP [APP RTV - 03_App_Movil/RetroV36]
            AP_MAIN["main: linea 3.6.x (paquete com.dpi.retrov36)<br>03_App_Movil/RetroV36/README.md; app/build.gradle (versionName: ver RETOMAR.md).<br>Protocolo.java de main = PROTOCOLO DE DISPAROS (colocaciones x disparos),<br>no la interfaz de firmware de rtv-1.0."]
            AP_RTV["rtv-1.0: RTV 1.0, APP UNICA V3.6 / V4.6 (SPEC-App-Unica-V36-V46.md)<br>Interfaz rtv-1.0:APP Protocolo.java con ProtocoloV2020, ProtocoloV36,<br>ProtocoloV46, ProtocoloV4Original. Solo en rtv-1.0: ProtocoloV36, Familia,<br>Deteccion, Entregables, AppCorta (comprobado con git ls-tree y Glob)."]
            AP_DET["DETECCION - nunca 'e' a un equipo sin identificar (CLAUDE.md §4)<br>3.6.1 a 3.6.x: #V# -> 9 -> 6 -> @LEERV,BLA,1@ (SPEC-V3.6.md:459-465).<br>rtv-1.0: #V# -> 9 -> 6 -> @LEERV,BLA,2@ (rtv-1.0:APP Deteccion.java:12;<br>SPEC-App-Unica-V36-V46.md:153-166, C-U01 cerrada)."]
            AP_CORTA["App corta 'RTV Calibra' - SPEC-App-Calibracion-Coviandina.md<br>rtv-1.0:APP AppCorta.java, CortoActivity.java; sabor con<br>applicationIdSuffix '.calibra' (rtv-1.0:03_App_Movil/RetroV36/app/build.gradle:43).<br>Cierre en la rama local rtv-1.0-cierre (sin subir): estado en RETOMAR.md."]
            AP_APK["APK entregadas: 03_App_Movil/RTV-V&lt;versionName&gt;[-&lt;versionCode&gt;].apk<br>NO se versionan (.gitignore). Solo con arquitecto y QA escritos (CLAUDE.md §6)."]
            AP_MAIN --> AP_RTV
            AP_RTV --> AP_DET
            AP_RTV --> AP_CORTA
            AP_MAIN --> AP_APK
            AP_RTV --> AP_APK
        end

        PR_CONTR["CONTRATO - 05_Documentacion/PROTOCOLO-V3.6.md<br>§1 compatibilidad (:14-25), §3 ordenes (:34-75), §4 EEPROM (:76-82),<br>§4 bis rev. 1.1, MANDA (:84-107), §5 seguridad (:109-118), §4 ter nota 1.2 (:120-134)."]

        subgraph M1_EXT [PROYECTOS VECINOS - solo se consultan; nada se sube alli ni se trae de alli]
            X_V5["V4.1/V5 - D:\IT\P_RetroReflectometro_Vertical<br>115200, @LEERV. Aloja HARDWARE-V3-SATLUX-H-IoT.md y<br>HARDWARE-V4-Retro_smd_v1.md (05_Documentacion)."]
            X_V46["V4.6 - D:\IT\P_RetroVertical_V4.6<br>Equipos V4 (Nordeste, V3-2). Lecciones L-xx en APRENDIDO-DE-V3.6.md."]
            X_RAM["Ruta al Mar - D:\IT\P_RetroVertical_RutaAlMar (SLV-028)"]
            X_OLD["Archivo de origen - D:\@Proyect\IT\old\VERTICAL\ (intacto, no se edita)"]
            X_COPIA["Copia desfasada - D:\@Proyect\IT\P_RetroReflectometro_Vertical<br>Comprobar el arbol antes de editar (CLAUDE.md §1)."]
        end

    end

    EQ_BT <==>|bytes 1-9, a-d y tramas '#...#'| FW_RX
    FW_EC -->|'::n' y pitido| EQ_BT
    FW_ADM <--> EE_36
    FW_ADM --> EE_SN
    FW_K -.->|UART2| ST_VT
    EQ_BT <==>|Bluetooth| AP_DET
    PR_CONTR -->|manda sobre| FW_ADM
    PR_CONTR -->|manda sobre| AP_RTV
    PR_CONTR -->|manda sobre| AP_MAIN
    X_OLD -->|copia| BS_TREE
    EQ_V32 -.->|va a| X_V46
    EQ_028 -.->|va a| X_RAM
    AP_RTV -.->|base tecnica EnlaceSerie, Registro, Hex| X_V5
    AP_RTV -.->|app unica| X_V46

    class EQ_V3,EQ_BT,EQ_ICSP,EQ_GRAB visto
    class FW_MAIN,FW_RX,FW_ADM,FW_EC,FW_K,FW_VER,FW_CAMB,EE_2020,EE_36,EE_SN,ST_VT,ST_DOC,AP_MAIN,AP_RTV,AP_DET,AP_CORTA,AP_APK,PR_CONTR,EQ_V32,EQ_028 papel
    class X_V5,X_V46,X_RAM,X_OLD,X_COPIA externo
    class EQ_PANT abierto

    %% =========================================================================
    %% ## M2 Calibracion
    %% Por equipo fisico, nunca por modelo (L-23; CLAUDE.md §5). Campana atada a serie y MAC
    %% (SPEC-Calibracion-V3.6.md:234-235). #SC solo despues de aceptar el acta. Vence al ano de #SC
    %% (SPEC-Calibracion-V3.6.md:863). Procedimiento de campo: RUNBOOK.md fases 8-12 (:173-288).
    %% Clases de la app: existen en main y en rtv-1.0 salvo las marcadas 'solo rtv-1.0'.
    %% =========================================================================

    subgraph M2 [M2 CALIBRACION]

        subgraph M2_BANCO [BANCO DE PATRONES Y COLAS - 06_Calibracion/]
            BK_CAT["Catalogo - 06_Calibracion/patrones_certificados_P1-P132.csv<br>(copia en 03_App_Movil/RetroV36/app/src/main/assets/patrones_certificados_P1-P132.csv, main y rtv-1.0).<br>Historico: patrones_certificados_P1-P31.csv. Certificados: 'Datos certificados<br>papeles reflectivos sept 2026.xlsx'. Cobertura por codigo: SPEC-Calibracion-V3.6.md §12.1 (:702)."]
            BK_EQV["06_Calibracion/grupos_patrones_equivalentes.csv (tambien en assets)"]
            BK_COLA["Colas: cola_banco_P1-P132.csv, cola_banco_representativo.csv,<br>cola_banco_representativo_v2.csv, cola_verificacion_anual.csv (byte a byte, .gitattributes).<br>Planes: PLAN-Banco-Representativo.md, PLAN-Captura-Banco-P1-P132.md.<br>Herramientas: 06_Calibracion/tools/ (banco_representativo.py, CoberturaCola.java, medir_zip_campana.py)."]
            BK_CAT --- BK_EQV
            BK_CAT --> BK_COLA
        end

        subgraph M2_CAMP [CAMPANA EN LA APP]
            CP_CAMP["APP Campana.java:13-24 - diario de solo anadir (SERIE, DISPARO, ...):<br>sobrevive a cerrar la app; nada se borra."]
            CP_CAMPS["APP Campanas.java:27-33 - una campana por equipo (serie + MAC):<br>files/campanas/campana_&lt;serie&gt;_&lt;mac&gt;.csv (rtv-1.0: :66,82)."]
            CP_IMP["APP ImportadorCampana.java:17-28 - importa un ZIP exportado, atomico;<br>rechaza filas de otro equipo (serie o MAC)."]
            CP_FAM["solo rtv-1.0: APP Familia.java - familia de firmware de la campana.<br>Familia.compatibles deja pasar una familia DESCONOCIDA (:87-89): hueco RF-COV-09."]
            CP_BP["APP BancoPrevio.java:12-22 - banco corto: lo ya medido y valido cuenta."]
            CP_DISP["Protocolo de disparos: main APP Protocolo.java; rtv-1.0 APP ProtocoloDisparos.java"]
            CP_CAMPS --> CP_CAMP
            CP_IMP --> CP_CAMP
            CP_FAM -.-> CP_IMP
            CP_BP --> CP_CAMP
            CP_DISP --> CP_CAMP
        end

        subgraph M2_FLUJO [FLUJO 'CALIBRAR ESTE EQUIPO']
            FL_ACT["APP CalibrarActivity.java - solo pinta y llama a las acciones"]
            FL_FLU["APP FlujoCalibracion.java:12-23 - toda la logica, Java puro:<br>calibrar, leerBateria, persistencia, aceptar, rechazar.<br>Probado solo en JVM (FlujoCalibracionTest contra EquipoSimulado)."]
            FL_TAB["APP TablaCalibracion.java:8-26 - metodo por codigo FIJADO EN EL APK,<br>tabla DE SLV-002 (RF-CAL-37; SPEC-Calibracion-V3.6.md §12.2 :730).<br>Otro equipo: todo 'solo verificar' hasta tener su tabla."]
            FL_ANC["APP Anclas.java:7-15 - ancla en OSCURO de sesion y s_rep de la A5"]
            FL_ASI["APP Asistente.java:11-22 - que curva se puede ajustar segun catalogo"]
            FL_AJU["APP Ajuste.java:3-9 - minimos cuadrados, grado 1 o 2"]
            FL_P36["Ordenes #L, #S, #G, #E, #Q, #SC, #GN al equipo<br>(tramas en APP Tramas.java y Ops.java, main y rtv-1.0;<br>solo rtv-1.0: APP ProtocoloV36.java como implementacion de Protocolo)."]
            FL_REM["APP Remedida3611.java:7-18 - re-medida guiada (RF-CAL-39)"]
            FL_ACTA["APP Acta.java:11-22 - acta: un codigo cada vez; curva certificada = #G tras #S,<br>aceptable solo con verificacion final y persistencia."]
            FL_SC["#SC,AAAA-MM-DD# SOLO DESPUES de aceptar el acta (CLAUDE.md §5)"]
            FL_ACT --> FL_FLU
            FL_FLU --> FL_TAB
            FL_FLU --> FL_ANC
            FL_FLU --> FL_ASI --> FL_AJU
            FL_AJU --> FL_P36 --> FL_REM --> FL_ACTA --> FL_SC
        end

        subgraph M2_DEC [DECISIONES DE DIEGO]
            DC_DOC["06_Calibracion/SLV-002/DECISIONES-Diego-2026-09-19.md<br>una fila por decision con su ID. Una dispensa no escrita NO EXISTE."]
            DC_CSV["03_App_Movil/RetroV36/app/src/main/assets/decisiones.csv (main y rtv-1.0) - viaja en el APK"]
            DC_JAVA["APP Decisiones.java:12-23 - las lee por equipo y con alcance"]
            DC_DOC -->|se copia, commit = firma| DC_CSV --> DC_JAVA
        end

        subgraph M2_EVI [EVIDENCIA DE SLV-002 - 06_Calibracion/SLV-002/]
            EV_HUE["campanas/HUELLAS.txt - md5 y sha256 de cada ZIP y registro archivado"]
            EV_ZIP1227["campanas/campana_SLV-002_20260919_122727.zip<br>ACTA ACEPTADA de los codigos 1 y 2, #SC escrito. Fuente: HUELLAS.txt"]
            EV_ZIP1510["campanas/campana_SLV-002_20260919_151045.zip<br>#V# CAL con mascara y #GC en campo: los codigos 1 y 2 persisten"]
            EV_ZIP1811["campanas/soporte_SLV-002_20260919_181120.zip<br>banco representativo; medido en el Samsung. Base del informe de ajuste"]
            EV_OTROS["campanas/: ZIP de 10:33, 12:00 y 12:10 y coeficientes_SLV-002_20260919_122047.csv"]
            EV_TRAM["tramas/rtv36_20260919_191255_HONOR.txt - HONOR con la app 1.0.0-rc3;<br>no se envio #S. La descripcion de HUELLAS.txt dice 'NO APTO' sin matizar:<br>RETOMAR.md la corrige (primera tanda NO APTO, segunda APTO)."]
            EV_INF["INFORME-Ajuste-SLV-002-20260919-1811.md - aritmetica sobre el ZIP de las 18:11"]
            EV_PROC["PROCEDIMIENTO-Escribir-8-y-b.md - como escribir el 8 y la b; sin probar"]
            EV_ACTAS["ACTA-antes-y-despues-grabacion.md, ANEXO-Acta-20260919-122326.md"]
            EV_AN["COTEJO-Formulas-Historicas.md, PROPUESTA-Ajuste-SLV-002-2026-09-19.md,<br>REFORMULACION-y-Simulacion-2026-09-19.md (+ .csv) y SLV-002/tools/"]
            EV_HUE --- EV_ZIP1227
            EV_HUE --- EV_ZIP1510
            EV_HUE --- EV_ZIP1811
            EV_HUE --- EV_OTROS
            EV_HUE --- EV_TRAM
            EV_ZIP1811 --> EV_INF --> EV_PROC
        end

        subgraph M2_SAL [SALIDAS]
            SA_ZIP["ZIP de la app: APP PaquetesZip.java:18-21 (incremental y de soporte);<br>APP ExportadorFinal.java (Download/RTV/); solo rtv-1.0: APP Entregables.java:6-20<br>(el ligero NO sirve para calcular; el de soporte si)."]
            SA_INF["Informe PDF y registros para la interventoria - SPEC-Calibracion-V3.6.md §8 (:466),<br>SPEC-Registro-Indicador-Interventoria.md. Serie, MAC y vencimiento en todo registro<br>(SPEC-Calibracion-V3.6.md:449,546). Cierra P12. NO EXISTE TODAVIA."]
            SA_BRUTO["07 pruebas/ y Descargas del telefono: material en bruto, sin versionar.<br>Lo que sostiene una cifra se archiva el mismo dia en SLV-002/ con su huella."]
            SA_BRUTO -->|archivar + HUELLAS| EV_HUE
            SA_ZIP --> SA_BRUTO
        end

    end

    BK_CAT --> FL_ASI
    BK_COLA --> CP_BP
    CP_CAMP --> FL_FLU
    FL_ANC -.-> CP_CAMP
    DC_JAVA --> FL_TAB
    FL_P36 <==>|Bluetooth 9600| EQ_BT
    FL_SC --> EE_SN
    FL_ACTA --> SA_ZIP
    EV_ZIP1811 -.->|se importa| CP_IMP
    EV_INF -.->|coeficientes del 8 y la b| FL_TAB
    EV_ZIP1227 -.->|curvas 1 y 2 fijas en el APK| FL_TAB

    class EV_ZIP1227,EV_ZIP1510,EV_ZIP1811,EV_OTROS,EV_TRAM,EV_HUE visto
    class BK_CAT,BK_EQV,BK_COLA,CP_CAMP,CP_CAMPS,CP_IMP,CP_BP,CP_DISP,FL_ACT,FL_FLU,FL_TAB,FL_ANC,FL_ASI,FL_AJU,FL_P36,FL_REM,FL_ACTA,FL_SC,DC_DOC,DC_CSV,DC_JAVA,EV_INF,EV_PROC,EV_ACTAS,EV_AN,SA_ZIP,SA_INF,SA_BRUTO papel
    class CP_FAM abierto

    %% =========================================================================
    %% ## M3 Documentos
    %% Cadena: SPEC -> TDD -> MATRIZ -> codigo -> REVISION / QA -> entrega. Ningun paso sin cerrar el
    %% anterior; ninguna puerta cerrada sin su evidencia (CLAUDE.md §6). Puertas: ROADMAP.md, seccion
    %% 'Puertas P1-P12'. Todo en 05_Documentacion/ salvo lo indicado.
    %% =========================================================================

    subgraph M3 [M3 DOCUMENTOS]

        subgraph M3_SPEC [ESPECIFICACION - por version de hardware; la app es una sola]
            DS_SPEC["SPEC-V3.6.md - firmware y app (RF-FW §2 :133, RF-APP §3 :434,<br>plan §5 :961, riesgos §6 :1079, contradicciones C-xx §9 :1217, preguntas §10 :1400)"]
            DS_CAL["SPEC-Calibracion-V3.6.md - campana, ajuste, acta, informe (§12 r2 :644)"]
            DS_UNI["SPEC-App-Unica-V36-V46.md - app unica (IMPLEMENTADO = en rtv-1.0, solo JVM)"]
            DS_FAM["SPEC-App-Unica-Familias-y-ZIP.md - que ZIP corresponde a cada familia"]
            DS_COV["SPEC-App-Calibracion-Coviandina.md - app corta 'RTV Calibra'"]
            DS_REG["SPEC-Registro-Indicador-Interventoria.md - registros e indicador (umbral sin decidir)"]
            DS_PROT["PROTOCOLO-V3.6.md - contrato de ordenes; manda sobre SPEC-codigo (§M1 PR_CONTR)"]
        end

        subgraph M3_PRUEBA [PLAN Y CRUCE]
            DT_TDD["TDD-V3.6.md - recetas (§1 :55, R-MDB :85-99), fichas T-xx (§3 :150,<br>§3 bis :813, §3 ter :998), trazabilidad (§4 :1477), app unica (§7 :1623)"]
            DT_MAT["MATRIZ-SPEC-codigo-V3.6.md - requisito -> archivo:linea (firmware §1, app §2)"]
            DT_MATA["MATRIZ-SPEC-codigo-App.md - misma matriz para rtv-1.0 (leida en D:\IT\wt_rtv10)"]
        end

        subgraph M3_REV [REVISION Y QA - adversarias, alcances disjuntos (CLAUDE.md §9)]
            DR_ARQ["REVISION-Arquitectura-P9 ... P14, P16-V3.6.md y REVISION-P15-QA-3.6.16.md<br>(serie propia de la app; ver CA14 sobre la numeracion)"]
            DR_QA["QA-App-3.6.10 ... 3.6.17.md, QA-Flujo-Calibracion-V3.6.md"]
            DR_RC["rtv-1.0:05_Documentacion/REVISION-QA-RTV-1.0.0-rc2.md (solo en la rama)"]
            DR_CMP["COMPARATIVA-3.6.17-vs-rtv-1.0.md - censo funcional entre las dos lineas"]
        end

        subgraph M3_ENT [ENTREGA Y ESTADO]
            DE_ENT["Entrega - skill entregar (§M4): APK con arquitecto Y QA escritos;<br>.hex con las cuatro cosas de CLAUDE.md §3; registro con su huella."]
            DE_ROAD["ROADMAP.md - orden, puertas P1-P12, decisiones pendientes, contradicciones abiertas"]
            DE_RET["RETOMAR.md - estado del dia y cifras vigentes"]
            DE_RUN["RUNBOOK.md - procedimiento por fases 0-12 (fase 0 :67 ... fase 12 :282)"]
            DE_HIS["HISTORIA.md - generaciones, sesion del 18-sep, errores"]
            DE_OTROS["Otros: ESTUDIO-Tecnologia-App-Produccion.md, PROPUESTA-Diagnostico-y-Logs-RTV.md,<br>PROCEDIMIENTO-Calibracion-V3-K42.md (firmware 2020 via 'e'), LEAME_original_2020.txt,<br>ROADMAP-MEJORAS-App.md (raiz), 03_App_Movil/GUIA-OPERADOR.md, 08_Senales/"]
        end

        subgraph M3_PUERTAS [PUERTAS P1-P12 - ROADMAP.md 'Puertas P1-P12'; estado en ROADMAP.md]
            PU_1["P1 Especificacion"] --> PU_2["P2 Arquitectura"] --> PU_3["P3 Compilacion reproducible"]
            PU_3 --> PU_4["P4 Firmware"] --> PU_6["P6 Autorizacion del propietario"] --> PU_7["P7 Grabacion"]
            PU_5["P5 App"] --> PU_9["P9 Validacion del arquitecto"]
            PU_7 --> PU_8["P8 Calibracion de SLV-002"]
            PU_9 --> PU_8
            PU_8 --> PU_10["P10 Propuesta de produccion"] --> PU_11["P11 APK de produccion"]
            PU_8 --> PU_12["P12 Informe y registros"]
        end

    end

    DS_SPEC --> DT_TDD --> DT_MAT
    DS_CAL --> DT_TDD
    DS_UNI --> DT_MATA
    DS_PROT --> DS_SPEC
    DT_MAT -->|archivo:linea| FW_ADM
    DT_MAT -->|archivo:linea| AP_MAIN
    DT_MATA -->|archivo:linea| AP_RTV
    DS_COV --> AP_CORTA
    DS_REG --> SA_INF
    DS_CAL --> FL_FLU
    AP_MAIN --> DR_QA
    AP_RTV --> DR_RC
    DR_ARQ --> DE_ENT
    DR_QA --> DE_ENT
    DR_RC --> DE_ENT
    DE_ENT --> AP_APK
    DE_ROAD --> M3_PUERTAS
    DE_RUN -.->|fases 8-12| FL_FLU
    PU_8 -.->|evidencia| EV_HUE
    PU_12 -.-> SA_INF
    PU_7 -.->|evidencia| EQ_GRAB

    class DS_SPEC,DS_CAL,DS_UNI,DS_FAM,DS_COV,DS_REG,DS_PROT,DT_TDD,DT_MAT,DT_MATA,DR_ARQ,DR_QA,DR_RC,DR_CMP,DE_ENT,DE_ROAD,DE_RET,DE_RUN,DE_HIS,DE_OTROS papel

    %% =========================================================================
    %% ## M4 Compilacion y pruebas
    %% Una prueba que no asevera no cuenta; una que asevera un valor sacado del propio codigo solo
    %% detecta regresiones (CLAUDE.md §7). Recuentos: RETOMAR.md.
    %% =========================================================================

    subgraph M4 [M4 COMPILACION Y PRUEBAS]

        subgraph M4_FW [FIRMWARE]
            CF_XC8["XC8 2.10 - FW nbproject/configurations.xml:103-104<br>C:\Program Files (x86)\Microchip\xc8\v2.10\bin\xc8-cc.exe (TDD-V3.6.md:94-95)"]
            CF_REPRO["Compilacion reproducible: la base 2020 compilada debe dar el .hex de<br>01_Firmware/base_2020_d089f962/hex/ (CAMBIOS-V3.6.md §1). Cerro P3."]
            CF_SIM["MPLAB SIM con mdb.bat (MPLAB X 5.50, hwtool SIM) - receta R-MDB,<br>TDD-V3.6.md:85-99. Arnes generado del fuente real, nunca copiado a mano."]
            CF_PRU["FW pruebas/: T-A20.md, T-A20_harness_eq.c, T-A20_gen_equiv.py (fabrica = 2020),<br>T-A23_T-A30/ (ida y vuelta #S -> #G y limites), T-FT/, T-SN-SC/, T-RX_harness_rx.c.<br>Segunda fuente para coma flotante: emulacion float32 en Python (T-A20.md)."]
            CF_HEX["FW hex/RetroVertical_V3.6.hex + .md5, fuente.md5 - byte a byte (.gitattributes)"]
            CF_XC8 --> CF_REPRO
            CF_XC8 --> CF_SIM --> CF_PRU
            CF_XC8 --> CF_HEX
        end

        subgraph M4_APP [APP]
            CA_GRA["JDK 11 (Temurin 11.0.24+8), Gradle 6.5, AGP 4.1.1<br>03_App_Movil/RetroV36/README.md:13-22; compileSdk 30, minSdk 24, targetSdk 30<br>(app/build.gradle, main)"]
            CA_JU["testDebugUnitTest NO arranca aqui (carpeta de usuario con 'n con tilde'):<br>compileDebugUnitTestJavaWithJavac + JUnitCore a mano<br>(03_App_Movil/RetroV36/README.md:34-48; rtv-1.0: mismo README :46-54)"]
            CA_SIM["Dobles: app/src/test/java/com/dpi/retrov36/EquipoSimulado.java (main y rtv-1.0);<br>EquipoSimuladoV4.java y EquipoSimuladoV46.java solo en rtv-1.0.<br>FabricaTest compara con el TEXTO de BASE ecuacionesCalibracion.c (fuente ajena)."]
            CA_GRA --> CA_JU --> CA_SIM
        end

        subgraph M4_SK [SKILLS - .claude/skills/]
            SK_ENT["entregar/SKILL.md - lo que sale del repositorio: .hex, APK, acta,<br>informe, procedimiento. Cubre §M3 (entrega, puertas) y §M2 (ZIP y huellas)."]
            SK_VER["verificar/SKILL.md - arneses XC8 + MPLAB SIM, JUnit a mano, tramas y ZIP.<br>Cubre §M4 entero y el contraste con registros de §M2."]
            SK_STO["verificar-pantalla-stone/SKILL.md (scripts validar_stone.py, decodificar_k.py)<br>.vt contra firmware y lectura de #K#. Cubre §M1 PANTALLA y §M6 STONE."]
            SK_PCB["leer-planos-pcb/SKILL.md (scripts eagle_netlist.py, ipc356_netlist.py,<br>pin_manager_pic.py) - pin -> red -> componente contra FW mcc_generated_files/pin_manager.c.<br>Cubre §M1 EQUIPO y §M6 HARDWARE. Papel contra papel."]
        end

    end

    CF_PRU -.->|fichas T-xx| DT_TDD
    CA_SIM -.->|fichas T-xx| DT_TDD
    CF_HEX -->|con las cuatro cosas de CLAUDE.md §3| EQ_GRAB
    SK_ENT -.-> DE_ENT
    SK_VER -.-> CF_SIM
    SK_VER -.-> CA_JU
    SK_VER -.-> EV_HUE
    SK_STO -.-> ST_VT
    SK_STO -.-> FW_K
    SK_PCB -.-> EQ_V3

    class CF_XC8,CF_REPRO,CF_SIM,CF_PRU,CF_HEX,CA_GRA,CA_JU,CA_SIM,SK_ENT,SK_VER,SK_STO,SK_PCB papel

    %% =========================================================================
    %% ## M5 Indice de referencias cruzadas
    %% Documento -> seccion del mapa -> documentos y codigo relacionados.
    %% | Documento | Mapa | Relacionados |
    %% | README.md | M1, M5 | CLAUDE.md, RETOMAR.md, ROADMAP.md; carpetas 01-08 |
    %% | ROADMAP.md | M3 (puertas), M7 (contradicciones) | RETOMAR.md, DECISIONES-Diego-2026-09-19.md, REVISION-*/QA-* |
    %% | RETOMAR.md | M2 (estado de la calibracion) | ROADMAP.md, campanas/HUELLAS.txt, tramas/, PROCEDIMIENTO-Escribir-8-y-b.md |
    %% | CLAUDE.md | M1-M7 (reglas); §10 -> M7 | todos |
    %% | RUNBOOK.md | M2 (fases 8-12), M1 (fases 0-7) | SPEC-Calibracion-V3.6.md, lecturas_equipos/, FlujoCalibracion.java |
    %% | HISTORIA.md | M1 (equipo visto), M7 (errores) | CLAUDE.md §10, lecturas_equipos/SLV-002/ |
    %% | 05_Documentacion/SPEC-V3.6.md | M3, M1 | PROTOCOLO-V3.6.md, TDD-V3.6.md, MATRIZ-SPEC-codigo-V3.6.md, FW calibracion_v36.c |
    %% | 05_Documentacion/SPEC-Calibracion-V3.6.md | M2, M3 | FlujoCalibracion.java, TablaCalibracion.java, Acta.java, RUNBOOK.md |
    %% | 05_Documentacion/SPEC-App-Unica-V36-V46.md | M1 (app), M3 | rtv-1.0: Deteccion.java, Protocolo.java, MATRIZ-SPEC-codigo-App.md |
    %% | 05_Documentacion/SPEC-App-Unica-Familias-y-ZIP.md | M2 | rtv-1.0: Familia.java, Entregables.java |
    %% | 05_Documentacion/SPEC-App-Calibracion-Coviandina.md | M1 (app corta) | rtv-1.0: AppCorta.java, CortoActivity.java |
    %% | 05_Documentacion/SPEC-Registro-Indicador-Interventoria.md | M2 (salidas) | SPEC-Calibracion-V3.6.md §8 |
    %% | 05_Documentacion/PROTOCOLO-V3.6.md | M1 (contrato) | FW calibracion_v36.c, uart_module.c; ProtocoloV36.java (rtv-1.0) |
    %% | 05_Documentacion/TDD-V3.6.md | M4, M3 | FW pruebas/, app/src/test/, verificar/SKILL.md |
    %% | 05_Documentacion/MATRIZ-SPEC-codigo-V3.6.md | M3 | SPEC-V3.6.md, FW, APP (main) |
    %% | 05_Documentacion/MATRIZ-SPEC-codigo-App.md | M3 | SPEC-App-Unica-V36-V46.md, APP (rtv-1.0) |
    %% | 05_Documentacion/REVISION-*.md, QA-*.md | M3 | entregar/SKILL.md, 03_App_Movil/RTV-V*.apk |
    %% | 05_Documentacion/PROCEDIMIENTO-Calibracion-V3-K42.md | M6 | BASE ecuacionesCalibracion.c (ver ER4) |
    %% | 06_Calibracion/SLV-002/PROCEDIMIENTO-Escribir-8-y-b.md | M2 | INFORME-Ajuste-SLV-002-20260919-1811.md, TablaCalibracion.java, DECISIONES |
    %% | 06_Calibracion/SLV-002/INFORME-Ajuste-SLV-002-20260919-1811.md | M2 | soporte_SLV-002_20260919_181120.zip, HUELLAS.txt |
    %% | 06_Calibracion/SLV-002/DECISIONES-Diego-2026-09-19.md | M2 | assets/decisiones.csv, Decisiones.java, ROADMAP.md (pendientes) |
    %% | 06_Calibracion/SLV-002/campanas/HUELLAS.txt | M2 | campanas/*.zip, tramas/*.txt, entregar/SKILL.md §9 |
    %% | 06_Calibracion/ (catalogo, colas, planes) | M2 | assets/*.csv, BancoPrevio.java, Asistente.java |
    %% | 01_Firmware/RetroVertical_V3.6.X/CAMBIOS-V3.6.md | M1, M4 | FW, pruebas/, TDD-V3.6.md |
    %% | 01_Firmware/lecturas_equipos/*/ | M1 | HISTORIA.md, RUNBOOK.md fases 0-5 |
    %% | 04_Pantalla_STONE/SOFTWARE-STONE.md | M1, M6 | verificar-pantalla-stone/SKILL.md |
    %% | 03_App_Movil/RetroV36/README.md | M4, M1 | CLAUDE.md §8, app/build.gradle |
    %% | .claude/skills/entregar/SKILL.md | M3 (entrega), M2 (ZIP) | CLAUDE.md §3 y §6, HUELLAS.txt |
    %% | .claude/skills/verificar/SKILL.md | M4, M2 (registros) | TDD-V3.6.md, FW pruebas/, README de la app |
    %% | .claude/skills/verificar-pantalla-stone/SKILL.md | M1 (pantalla), M6 (STONE) | 04_Pantalla_STONE/, FW calibracion_v36.c #K# |
    %% | .claude/skills/leer-planos-pcb/SKILL.md | M1 (equipo), M6 (hardware) | 02_Hardware/, FW mcc_generated_files/pin_manager.c |
    %% =========================================================================

    %% =========================================================================
    %% ## M6 Linea base: firmware 2020
    %% Rutas relativas a BASE (01_Firmware/base_2020_d089f962/RetroVertical1.X/), sin tocar desde
    %% el commit 8c8b803 salvo .gitattributes (git log). Sale de leer el fuente el 18-sep-2026 y
    %% contrastado el 21-sep en los puntos citados. La V3.6 conserva todo esto salvo las correcciones
    %% de memoria de PROTOCOLO-V3.6.md §4 bis (P-02).
    %% =========================================================================

    subgraph M6 [M6 LINEA BASE - FIRMWARE 2020]

        subgraph FLUJO [FLUJO DE EJECUCION]
            FL0_MAIN["main.c:16-36 - 4 protothreads: IO, GUI, pantalla, UART.<br>startMeasurement() comentado (main.c:29)."]
            FL0_GUI["taskGui - gui.c:493-523: espera fija de 2 s y PT_SPAWN de measure (gui.c:518)"]
            FL0_MEAS["measure - gui.c:260-363: si gatillo O byte Bluetooth, mide (gui.c:294-347)"]
            FL0_RXBT["taskUartRx - uart_module.c:69-97, bufferData[50]"]
            FL0_RXST["taskPantallaRx - uart_stone.c:140-171, bufferPantalla[50]"]
            FL0_MAIN --> FL0_GUI --> FL0_MEAS
            FL0_MAIN --> FL0_RXBT
            FL0_MAIN --> FL0_RXST
        end

        subgraph ADQ [CADENA DE MEDIDA - la x]
            AQ_LUZ["Luz SALIDA15 (RC2), 400 ms - measurement.c:222-226"]
            AQ_RAP["16 muestras de INREFLECT15, descarta la primera - measurement.c:228-237"]
            AQ_OOB["tempSamples[15] escrito con 16 (measurement.c:212, :228-231).<br>La V3.6 lo corrige (CAMBIOS-V3.6.md §2.2)."]
            AQ_IIR["IIR alfa 0,995 - measurement.c:239-245"]
            AQ_200["x_ADC = (int)filtro + 200 - measurement.c:246-247"]
            AQ_FT["Factor de temperatura - gui.c:298-300, X_2, X_1, X_0 en gui.c:41-43<br>(en la V3.6, #GT / #ST / #FT). Sensor y unidades: CA3."]
            AQ_X["x entera: reflectivityValue unsigned int (gui.c:30)"]
            AQ_LUZ --> AQ_RAP --> AQ_IIR --> AQ_200 --> AQ_FT --> AQ_X
            AQ_RAP -.-> AQ_OOB
        end

        subgraph ECUS [DOCE ECUACIONES - ecuacionesCalibracion.c:3-42 = valores de fabrica de la V3.6]
            EC0_INT["Intensas 1-6 / pantalla 0x01-0x06 - :3-20"]
            EC0_OPA["Opacas 7, 8, a-d / pantalla 0x07, 0x08, 0x0A-0x0D - :25-42"]
            EC0_PAR["Tres parejas identicas (naranja, azul, verde): 9 curvas distintas"]
            EC0_TECHO["Blanco intenso (:7): maximo 806 en x = 3580"]
            EC0_SAT["arreglar_dato() :49-54: mas de 4000 pasa a 0. Un 0 puede ser saturacion."]
            EC0_INT --- EC0_PAR
            EC0_OPA --- EC0_PAR
            EC0_INT --> EC0_TECHO
            EC0_INT --> EC0_SAT
            EC0_OPA --> EC0_SAT
        end

        subgraph DESP [DESPACHO]
            DS0_ANY["Cualquier byte por Bluetooth dispara una medida - gui.c:295<br>(en la V3.6, una trama '#' ya no: FW uart_module.c:54-57)"]
            DS0_BT["Primer byte de bufferData - ecuacionesCalibracion.c:137-198;<br>'e' devuelve la x sin ecuacion (:191-193). SLV-002 no tenia 'e' (CA1)."]
            DS0_ST["Pantalla: bufferPantalla[8] - ecuacionesCalibracion.c:73-130, solo con gatillo.<br>0x09 no existe (salto de :108 a :112)."]
            DS0_PERS["borrarBuffer() vacia - uart_stone.c:32-35: el color elegido no se borra"]
            DS0_RESP["Respuesta '::n' sin terminador y pitido; '9' responde ':n:' (gui.c:328-340)"]
            DS0_ANY --> DS0_BT --> DS0_RESP
            DS0_ST --> DS0_PERS
        end

        subgraph SERIE0 [CANALES SERIE]
            SE0_RX["Recepcion sin limite - uart_module.c:51-57 (bufferIndex++ sin comprobar).<br>Vaciado por tiempo comentado (:109). La V3.6 pone limite (PROTOCOLO-V3.6.md §5)."]
            SE0_U2["UART2 - STONE - 9600; escritura A5 5A 05 82 00 dir val (uart_stone.c:109-138)"]
        end

        subgraph STONE0 [PANTALLA - 04_Pantalla_STONE/lcd_RetroVertical_2020/lcd_RetroVertical.vt]
            ST0_COD["KeyCodeReturn 0x10NN: el byte bajo es el codigo. Otros papeles 0x01-0x06,<br>Tipo I 0x07, 0x08, 0x0A-0x0D; pagina oculta 'PRUEBA ADC' envia 0x0E.<br>Que llegue a bufferPantalla[8]: deducido del formato, visto solo con #K# (skill)."]
            ST0_VAR["Variables 199, 205, 210, 215 (medidas y promedio), 207 bateria (gui.c:239-256, :355)"]
        end

        subgraph MEM0 [EEPROM Y CODIGO MUERTO]
            EE_NO["El firmware 2020 en marcha NO lee ni escribe la EEPROM: sus lectores estan<br>en codigo muerto (guiOwner gui.c:174, guiSerial :192, startMeasurement comentado).<br>Ninguna constante de calibracion en EEPROM: es lo que la V3.6 resuelve."]
            MU_LIST["Nunca llamadas: calibrate (gui.c:94), guiWelcome, guiOwner, guiSerial,<br>chooseUserGeometry, taskCharger, estadoBateria, startupTemperature.<br>Los textos 'HORIZONTAL V3.3', 'AIM', 'SLH-046' son de funciones muertas."]
        end

        subgraph HW0 [HARDWARE - papel]
            HW0_PCB["02_Hardware/PCB_Proteus_3.3/*.pdsprj - por su nombre, el diseno del HORIZONTAL<br>(LEAME_original_2020.txt: 'el circuito ... es el mismo practicamente')."]
            HW0_PIN["Pines segun el firmware (pin_manager.h): RA1 INREFLECT15, RA0 INREFLECT30,<br>RC2 SALIDA15, RD1 BUZZER, RE1 BOTON_INICIO (gatillo)..."]
            HW0_DOC["Mapeo de la placa H-IoT: D:\IT\P_RetroReflectometro_Vertical\05_Documentacion\<br>HARDWARE-V3-SATLUX-H-IoT.md (repositorio V5, solo lectura)"]
            HW0_PCB --> HW0_PIN -.-> HW0_DOC
        end

    end

    BS_TREE["01_Firmware/base_2020_d089f962/ - fuente 2020 sin tocar y hex/RetroVertical1.X.production.hex"]
    BS_TREE --> M6
    BS_TREE -->|base de| FW_CAMB
    FL0_MEAS --> AQ_LUZ
    AQ_X --> DS0_BT
    AQ_X --> DS0_ST
    DS0_BT --> EC0_INT
    DS0_BT --> EC0_OPA
    DS0_ST --> EC0_INT
    DS0_ST --> EC0_OPA
    FL0_RXBT --> SE0_RX
    SE0_U2 --> ST0_COD
    ECUS -.->|valores de fabrica| FW_EC
    EE_NO -.->|motiva| EE_36
    SE0_RX -.->|se corrige en| FW_RX

    class FL0_MAIN,FL0_GUI,FL0_MEAS,FL0_RXBT,FL0_RXST,AQ_LUZ,AQ_RAP,AQ_OOB,AQ_IIR,AQ_200,AQ_FT,AQ_X,EC0_INT,EC0_OPA,EC0_PAR,EC0_TECHO,EC0_SAT,DS0_ANY,DS0_BT,DS0_ST,DS0_PERS,DS0_RESP,SE0_RX,SE0_U2,ST0_COD,ST0_VAR,EE_NO,MU_LIST,HW0_PCB,HW0_PIN,BS_TREE papel
    class HW0_DOC externo

    %% =========================================================================
    %% ## M7 Contradicciones abiertas y errores corregidos
    %% No se elige por escrito: se cierran midiendo o con registro (CLAUDE.md §2). Las del proceso
    %% viven en ROADMAP.md 'Contradicciones abiertas'; las de la SPEC en SPEC-V3.6.md §9 (C-xx).
    %% Los CA conservan su numero del mapa anterior: SPEC-V3.6.md:701 cita 'CA3 de ARQUITECTURA.map'.
    %% =========================================================================

    subgraph M7 [M7 CONTRADICCIONES Y ERRORES]

        subgraph ABIERTO [CONTRADICCIONES ABIERTAS]
            CA1["CA1 - El fuente exacto de SLV-002 no esta en el archivo: el equipo no respondia a 'e';<br>el fuente (:191-193) y el .hex base si. Chip protegido: sin copia. Ya no se puede cerrar."]
            CA2["CA2 - Geometria de los certificados sin identificar<br>(patrones_certificados_P1-P31.csv:4; SPEC-Registro-Indicador-Interventoria.md C-06)."]
            CA3["CA3 - Que sensor mide T y en que unidades (measurement.c:64-73, gui.c:503).<br>Decide el factor de temperatura, luego la x."]
            CA4["CA4 - Reproducibilidad con XC8 2.10: CERRADA en P3 (ROADMAP.md, puertas).<br>Se deja por su numero; evidencia en CAMBIOS-V3.6.md §1."]
            CA5["CA5 - Fechas y propietario de SLV-002 en las hojas de 2020 (pestana COVIANDES S.A)"]
            CA6["CA6 - Tiene SLV-002 la pagina 'PRUEBA ADC' (0x0E)? Se cierra con #K# en el equipo."]
            CA7["CA7 - Dos .hex de 2020 con el mismo nombre (d089f962 y 43f9f74b segun old)"]
            CA8["CA8 - Que firmware lleva SLV-002 (SPEC-V3.6.md C-36): superada por los logs de<br>grabacion de §M1 EQ_GRAB; el vigente se lee en RETOMAR.md."]
            CA9["CA9 - #V# no distingue entregas: FW calibracion_v36.h:16 fija '3.6' (SPEC C-37)"]
            CA10["CA10 - Primer disparo bajo: deriva o asentamiento (SPEC C-38)"]
            CA11["CA11 - Los XI no se ordenan por su certificado (SPEC C-39)"]
            CA12["CA12 - Identidad de patrones: P24; P32a/P32b (SPEC C-40, C-41; ROADMAP D-5)"]
            CA13["CA13 - Tres rangos de x de uso (SPEC C-42); el 600 de #S no sale del codigo<br>(FW calibracion_v36.c:309-317)"]
            CA14["CA14 - C1 frente al rodeo de la app (SPEC C-47). Y la numeracion 'P10-P14':<br>puertas del proceso y revisiones de la app (ROADMAP.md, contradicciones)."]
            CA15["CA15 - Regla del disparo descolgado (SPEC C-46)"]
            CA16["CA16 - Temperatura de fabrica (SPEC C-30): #FT# YA EXISTE (FW calibracion_v36.c:716;<br>PROTOCOLO-V3.6.md:50). Queda abierto lo que diga SPEC C-30."]
            CA17["CA17 - Modelo de pantalla STA035WT-01 frente a STVA035WT(-01): §M1 EQ_PANT"]
        end

        subgraph ERRORES [ERRORES CORREGIDOS - la erronea junto a la buena]
            ER1["Se dijo: 'es un 18F4550'. ES: PIC18F47K42; en la STONE los textos son imagenes."]
            ER2["Se dijo: 'el 2020 tiene calibracion negro/blanco'. ES: calibrate() no se llama nunca."]
            ER3["Se dijo: 'el Bluetooth va a otra velocidad'. ES: 9600; SLV-002 no tenia 'e'."]
            ER4["PROCEDIMIENTO-Calibracion-V3-K42.md:20 dice 'El fuente no esta en este repositorio'.<br>SIGUE SIENDO FALSO: esta en base_2020_d089f962."]
            ER5["PROCEDIMIENTO-Calibracion-V3-K42.md decia 21 XI, 6 IV, 4 IX. YA CORREGIDO:<br>:208-209 dice 17, 9 y 5, como el CSV."]
            ER6["HISTORIA.md decia '1-9 y a-d con ::n'. YA CORREGIDO: HISTORIA.md:18 da<br>1-8 y a-d con ::n y 9 con :n:."]
            ER7["PROTOCOLO-V3.6.md:78 limita el bloque de 2020 a eeprom_manager.h:9-19 (0-52).<br>SIGUE INCOMPLETO: el fichero llega a :23 (byte 73). No choca con 0x100."]
            ER8["Mapa anterior: 'RetroVertical_V3.6.X fuera de alcance, en obra'.<br>ES: firmware V3.6 escrito y grabado en SLV-002 (§M1 EQ_GRAB)."]
            ER9["Mapa anterior: PROTOCOLO 'nada implementado ni probado'.<br>ES: implementado en firmware y app, probado en parte en SLV-002 (PROTOCOLO-V3.6.md:3-9)."]
            ER10["Mapa anterior: tramas de 48 bytes, recepcion de 50, 7 cifras, un solo CRC.<br>ES: rev. 1.1 - 96 bytes en buffer de 100, 9 cifras, un CRC por registro (PROTOCOLO-V3.6.md:90-93)."]
            ER11["Mapa anterior: lista de ordenes sin #E, #FT, #SC, #GC, #SN, #GN, #K, #KC.<br>ES: estan en PROTOCOLO-V3.6.md:42-62 y en FW calibracion_v36.c:635-800."]
            ER12["Mapa anterior: STONE 'STA035WT-01' dado como visto. ES: contradiccion abierta (CA17)."]
            ER13["Mapa anterior: catalogo P1-P31, 'solo amarillo y blanco ajustan curva'.<br>ES: catalogo P1-P132 (SPEC-Calibracion-V3.6.md §12.1); P1-P31 es historico."]
            ER14["Mapa anterior: HARDWARE-V3-SATLUX-H-IoT.md 'no existia'.<br>ES: existe en el repositorio V5 (§M6 HW0_DOC)."]
            ER15["Mapa anterior: cifras del dia en el nodo del repositorio (firmware y app del 19-sep).<br>ES: las cifras vigentes viven en RETOMAR.md; aqui no."]
        end

        D_BLAN["SIN SOPORTE: 'blancos medidos en SLV-002 (XI +2 a +3 %, IV y IX +28 a +50 %)'<br>(HISTORIA.md:24-25) remite a 06_Calibracion/, donde no hay hoja del 18-sep<br>(buscado con grep y con Grep el 21-sep)."]

    end

    EQ_PANT -.-> CA17
    EQ_V3 -.-> CA1
    BK_CAT -.-> CA2
    AQ_FT -.-> CA3
    CF_REPRO -.-> CA4
    ST0_COD -.-> CA6
    BS_TREE -.-> CA7
    EQ_GRAB -.-> CA8
    FW_VER -.-> CA9
    FL_ANC -.-> CA10
    BK_CAT -.-> CA11
    BK_CAT -.-> CA12
    FW_ADM -.-> CA13
    DE_ROAD -.-> CA14
    FW_ADM -.-> CA16
    DE_HIS -.-> D_BLAN
    ERRORES -.->|corrige| M3

    class CA1,CA2,CA3,CA5,CA6,CA7,CA9,CA10,CA11,CA12,CA13,CA14,CA15,CA16,CA17,D_BLAN abierto
    class CA4,CA8,ER1,ER2,ER3,ER4,ER5,ER6,ER7,ER8,ER9,ER10,ER11,ER12,ER13,ER14,ER15 error
